[exp3i] đọc population baseline (2A) + ΔC (3G)...
[exp3i] 299 ảnh trong 2A, 300 ảnh trong 3G, 299 ảnh chung dùng được
[exp3i] loading models...
Loads checkpoint by local backend from path: /workspace/transfer-attack-new/checkpoints/mask_rcnn_r50_fpn_1x_coco_20200205-d4b0c5d6.pth
Loads checkpoint by local backend from path: /workspace/transfer-attack-new/checkpoints/mask_rcnn_r101_fpn_1x_coco_20200204-1efe0ed5.pth
Loads checkpoint by local backend from path: /workspace/transfer-attack-new/checkpoints/mask_rcnn_convnext-t_p4_w7_fpn_fp16_ms-crop_3x_coco_20220426_154953-050731f4.pth
Loads checkpoint by local backend from path: /workspace/transfer-attack-new/checkpoints/mask_rcnn_swin-t-p4-w7_fpn_1x_coco_20210902_120937-9d6b7cfa.pth
[exp3i] building dataset (limit=300)...
loading annotations into memory...
Done (t=0.11s)
creating index...
index created!
[exp3i] 300 images (dataset total: 1000)
[exp3i] 20/300 ảnh xong (0.41 ảnh/s, ETA 11.5 phút, 20 ảnh dùng được, 50 record)
[exp3i] 40/300 ảnh xong (0.38 ảnh/s, ETA 11.4 phút, 40 ảnh dùng được, 103 record)
[exp3i] 60/300 ảnh xong (0.38 ảnh/s, ETA 10.6 phút, 59 ảnh dùng được, 150 record)
[exp3i] 80/300 ảnh xong (0.38 ảnh/s, ETA 9.7 phút, 79 ảnh dùng được, 203 record)
[exp3i] 100/300 ảnh xong (0.37 ảnh/s, ETA 8.9 phút, 99 ảnh dùng được, 243 record)
[exp3i] 120/300 ảnh xong (0.37 ảnh/s, ETA 8.2 phút, 119 ảnh dùng được, 282 record)
[exp3i] 140/300 ảnh xong (0.37 ảnh/s, ETA 7.3 phút, 139 ảnh dùng được, 332 record)
[exp3i] 160/300 ảnh xong (0.37 ảnh/s, ETA 6.4 phút, 159 ảnh dùng được, 376 record)
[exp3i] 180/300 ảnh xong (0.37 ảnh/s, ETA 5.5 phút, 179 ảnh dùng được, 427 record)
[exp3i] 200/300 ảnh xong (0.37 ảnh/s, ETA 4.5 phút, 199 ảnh dùng được, 479 record)
[exp3i] 220/300 ảnh xong (0.37 ảnh/s, ETA 3.6 phút, 219 ảnh dùng được, 533 record)
[exp3i] 240/300 ảnh xong (0.38 ảnh/s, ETA 2.7 phút, 239 ảnh dùng được, 581 record)
[exp3i] 260/300 ảnh xong (0.38 ảnh/s, ETA 1.7 phút, 259 ảnh dùng được, 621 record)
[exp3i] 280/300 ảnh xong (0.39 ảnh/s, ETA 0.9 phút, 279 ảnh dùng được, 671 record)
[exp3i] 300/300 ảnh xong (0.39 ảnh/s, ETA 0.0 phút, 299 ảnh dùng được, 723 record)
[exp3i] tổng hợp theo target (Mann-Whitney + Spearman)...
[exp3i] target_r101: n=190 ΔC(gain)=0.3371 ΔC(no-gain)=0.3209 | MWU p=1.99e-01 | spearman rho=0.0462 p=5.27e-01
[exp3i] target_convnext_t: n=260 ΔC(gain)=0.378 ΔC(no-gain)=0.3006 | MWU p=1.32e-04 | spearman rho=0.2050 p=8.84e-04
[exp3i] target_swin_t: n=273 ΔC(gain)=0.3658 ΔC(no-gain)=0.3034 | MWU p=1.51e-04 | spearman rho=0.1873 p=1.88e-03
[exp3i] Xong. Kết quả: /workspace/transfer-attack-new/outputs/experiment3i/records.jsonl, /workspace/transfer-attack-new/outputs/experiment3i/summary.json
EXP3I_DONE_EXIT=0
