[exp3g] loading surrogate...
Loads checkpoint by local backend from path: /workspace/transfer-attack-new/checkpoints/mask_rcnn_r50_fpn_1x_coco_20200205-d4b0c5d6.pth
[exp3g] building dataset (limit=300)...
loading annotations into memory...
Done (t=0.11s)
creating index...
index created!
[exp3g] 300 images (dataset total: 1000)
[exp3g] 20/300 ảnh xong (1.21 ảnh/s, ETA 3.8 phút, 20 ảnh dùng được, 40 record)
[exp3g] 40/300 ảnh xong (1.28 ảnh/s, ETA 3.4 phút, 40 ảnh dùng được, 80 record)
[exp3g] 60/300 ảnh xong (1.34 ảnh/s, ETA 3.0 phút, 60 ảnh dùng được, 120 record)
[exp3g] 80/300 ảnh xong (1.36 ảnh/s, ETA 2.7 phút, 80 ảnh dùng được, 160 record)
[exp3g] 100/300 ảnh xong (1.37 ảnh/s, ETA 2.4 phút, 100 ảnh dùng được, 200 record)
[exp3g] 120/300 ảnh xong (1.37 ảnh/s, ETA 2.2 phút, 120 ảnh dùng được, 240 record)
[exp3g] 140/300 ảnh xong (1.37 ảnh/s, ETA 1.9 phút, 140 ảnh dùng được, 280 record)
[exp3g] 160/300 ảnh xong (1.38 ảnh/s, ETA 1.7 phút, 160 ảnh dùng được, 320 record)
[exp3g] 180/300 ảnh xong (1.38 ảnh/s, ETA 1.5 phút, 180 ảnh dùng được, 360 record)
[exp3g] 200/300 ảnh xong (1.38 ảnh/s, ETA 1.2 phút, 200 ảnh dùng được, 400 record)
[exp3g] 220/300 ảnh xong (1.38 ảnh/s, ETA 1.0 phút, 220 ảnh dùng được, 440 record)
[exp3g] 240/300 ảnh xong (1.38 ảnh/s, ETA 0.7 phút, 240 ảnh dùng được, 480 record)
[exp3g] 260/300 ảnh xong (1.38 ảnh/s, ETA 0.5 phút, 260 ảnh dùng được, 520 record)
[exp3g] 280/300 ảnh xong (1.38 ảnh/s, ETA 0.2 phút, 280 ảnh dùng được, 560 record)
[exp3g] 300/300 ảnh xong (1.38 ảnh/s, ETA 0.0 phút, 300 ảnh dùng được, 600 record)
[exp3g] tổng hợp thống kê theo stage...
[exp3g] stage3 std: raw=7.16e-05 reg_clip=3.83e-05 (p=6.08e-51) reg_clip_weight=3.909e-05 (p=6.08e-51)
[exp3g] stage3 max_abs: raw=0.005885 reg_clip=0.0002151 (p=6.08e-51) reg_clip_weight=0.0007527 (p=6.08e-51)
[exp3g] stage3 kurtosis: raw=452.2 reg_clip=24.2 (p=6.08e-51) reg_clip_weight=33.78 (p=6.08e-51)
[exp3g] stage3 frac_outside_3sigma: raw=0.01617 reg_clip=0.03089 (p=6.08e-51) reg_clip_weight=0.03054 (p=6.08e-51)
[exp3g] stage3 top1pct_energy_frac: raw=0.7122 reg_clip=0.3563 (p=6.08e-51) reg_clip_weight=0.3694 (p=6.08e-51)
[exp3g] stage3 linf_over_l2: raw=0.04391 reg_clip=0.003041 (p=6.08e-51) reg_clip_weight=0.01071 (p=6.08e-51)
[exp3g] stage4 std: raw=9.485e-05 reg_clip=4.385e-05 (p=6.08e-51) reg_clip_weight=4.459e-05 (p=6.08e-51)
[exp3g] stage4 max_abs: raw=0.00608 reg_clip=0.0002851 (p=6.08e-51) reg_clip_weight=0.0006038 (p=6.08e-51)
[exp3g] stage4 kurtosis: raw=311 reg_clip=37.3 (p=6.08e-51) reg_clip_weight=45.53 (p=6.08e-51)
[exp3g] stage4 frac_outside_3sigma: raw=0.01612 reg_clip=0.02788 (p=6.08e-51) reg_clip_weight=0.02772 (p=6.08e-51)
[exp3g] stage4 top1pct_energy_frac: raw=0.6931 reg_clip=0.4097 (p=6.27e-51) reg_clip_weight=0.416 (p=6.21e-51)
[exp3g] stage4 linf_over_l2: raw=0.03716 reg_clip=0.004732 (p=6.08e-51) reg_clip_weight=0.008996 (p=6.08e-51)
[exp3g] Xong. Kết quả: /workspace/transfer-attack-new/outputs/experiment3g/records.jsonl, /workspace/transfer-attack-new/outputs/experiment3g/summary.json
EXP3G_DONE_EXIT=0
