[exp2a] loading models...
Loads checkpoint by local backend from path: /workspace/transfer-attack-new/checkpoints/mask_rcnn_r50_fpn_1x_coco_20200205-d4b0c5d6.pth
Loads checkpoint by local backend from path: /workspace/transfer-attack-new/checkpoints/mask_rcnn_r101_fpn_1x_coco_20200204-1efe0ed5.pth
Loads checkpoint by local backend from path: /workspace/transfer-attack-new/checkpoints/mask_rcnn_convnext-t_p4_w7_fpn_fp16_ms-crop_3x_coco_20220426_154953-050731f4.pth
Loads checkpoint by local backend from path: /workspace/transfer-attack-new/checkpoints/mask_rcnn_swin-t-p4-w7_fpn_1x_coco_20210902_120937-9d6b7cfa.pth
[exp2a] building dataset (limit=300)...
loading annotations into memory...
Done (t=0.11s)
creating index...
index created!
[exp2a] 300 images (dataset total: 1000)
[exp2a] 10/300 ảnh xong (0.50 ảnh/s, ETA 9.6 phút, 119 record)
[exp2a] 20/300 ảnh xong (0.45 ảnh/s, ETA 10.3 phút, 321 record)
[exp2a] 30/300 ảnh xong (0.46 ảnh/s, ETA 9.7 phút, 482 record)
[exp2a] 40/300 ảnh xong (0.46 ảnh/s, ETA 9.4 phút, 649 record)
[exp2a] 50/300 ảnh xong (0.48 ảnh/s, ETA 8.7 phút, 765 record)
[exp2a] 60/300 ảnh xong (0.48 ảnh/s, ETA 8.3 phút, 908 record)
[exp2a] 70/300 ảnh xong (0.50 ảnh/s, ETA 7.7 phút, 1003 record)
[exp2a] 80/300 ảnh xong (0.50 ảnh/s, ETA 7.4 phút, 1140 record)
[exp2a] 90/300 ảnh xong (0.50 ảnh/s, ETA 6.9 phút, 1245 record)
[exp2a] 100/300 ảnh xong (0.49 ảnh/s, ETA 6.8 phút, 1472 record)
[exp2a] 110/300 ảnh xong (0.50 ảnh/s, ETA 6.4 phút, 1582 record)
[exp2a] 120/300 ảnh xong (0.50 ảnh/s, ETA 6.0 phút, 1721 record)
[exp2a] 130/300 ảnh xong (0.48 ảnh/s, ETA 5.9 phút, 2040 record)
[exp2a] 140/300 ảnh xong (0.47 ảnh/s, ETA 5.6 phút, 2252 record)
[exp2a] 150/300 ảnh xong (0.48 ảnh/s, ETA 5.2 phút, 2345 record)
[exp2a] 160/300 ảnh xong (0.48 ảnh/s, ETA 4.8 phút, 2479 record)
[exp2a] 170/300 ảnh xong (0.48 ảnh/s, ETA 4.5 phút, 2704 record)
[exp2a] 180/300 ảnh xong (0.47 ảnh/s, ETA 4.3 phút, 3025 record)
[exp2a] 190/300 ảnh xong (0.47 ảnh/s, ETA 3.9 phút, 3180 record)
[exp2a] 200/300 ảnh xong (0.47 ảnh/s, ETA 3.5 phút, 3327 record)
[exp2a] 210/300 ảnh xong (0.47 ảnh/s, ETA 3.2 phút, 3519 record)
[exp2a] 220/300 ảnh xong (0.47 ảnh/s, ETA 2.8 phút, 3646 record)
[exp2a] 230/300 ảnh xong (0.47 ảnh/s, ETA 2.5 phút, 3838 record)
[exp2a] 240/300 ảnh xong (0.47 ảnh/s, ETA 2.1 phút, 3986 record)
[exp2a] 250/300 ảnh xong (0.47 ảnh/s, ETA 1.8 phút, 4158 record)
[exp2a] 260/300 ảnh xong (0.48 ảnh/s, ETA 1.4 phút, 4242 record)
[exp2a] 270/300 ảnh xong (0.48 ảnh/s, ETA 1.0 phút, 4373 record)
[exp2a] 280/300 ảnh xong (0.48 ảnh/s, ETA 0.7 phút, 4557 record)
[exp2a] 290/300 ảnh xong (0.48 ảnh/s, ETA 0.3 phút, 4742 record)
[exp2a] 300/300 ảnh xong (0.48 ảnh/s, ETA 0.0 phút, 4855 record)
[exp2a] target_r101: n=1525 mean_cos(evaded)=0.1397 mean_cos(not_evaded)=0.0878 corr=0.3170
[exp2a] target_convnext_t: n=1693 mean_cos(evaded)=0.0905 mean_cos(not_evaded)=0.0524 corr=0.3515
[exp2a] target_swin_t: n=1637 mean_cos(evaded)=0.0491 mean_cos(not_evaded)=0.0282 corr=0.3272
[exp2a] Xong. Kết quả: /workspace/transfer-attack-new/outputs/experiment2a/records.jsonl, /workspace/transfer-attack-new/outputs/experiment2a/summary.json
EXP2A_DONE_EXIT=0
